=== nbody (power): 1 GPU(s), numbodies=2097152, fp64 ===
# command: /theory/home/hctseng/nbody/nbody_cuda/bench/../build/nbody -benchmark -numdevices=1 -numbodies=2097152 -fp64 
# host: kawas18.tiara.sinica.edu.tw
# date: 2026-08-27T18:09:55+08:00
# method: nvidia-smi power.draw sampled every 200ms on GPUs 0 for the run's duration, averaged per GPU then summed
----
Run "nbody -benchmark [-numbodies=<numBodies>]" to measure performance.
	-fullscreen       (run n-body simulation in fullscreen mode)
	-fp64             (use double precision floating point values for simulation)
	-hostmem          (stores simulation data in host memory)
	-benchmark        (run benchmark to measure performance) 
	-numbodies=<N>    (number of bodies (>= 1) to run in simulation) 
	-device=<d>       (where d=0,1,2.... for the CUDA device to use)
	-numdevices=<i>   (where i=(number of CUDA devices > 0) to use for simulation)
	-compare          (compares simulation results running once on the default GPU and once on the CPU)
	-cpu              (run n-body simulation on the CPU)
	-tipsy=<file.bin> (load a tipsy model file for simulation)

NOTE: The CUDA Samples are not meant for performance measurements. Results may vary when GPU Boost is enabled.

number of CUDA devices  = 1
> Windowed mode
> Simulation data stored in video memory
> Double precision floating point simulation
> 1 Devices used for simulation
GPU Device 0: "Ampere" with compute capability 8.0

> Compute 8.0 CUDA device: [NVIDIA A100-SXM4-80GB]
number of bodies = 2097152
2097152 bodies, total time for 10 iterations: 172913.609 ms
= 254.349 billion interactions per second
= 7630.481 double-precision GFLOP/s at 30 flops per interaction
----
wall-clock measurement window: 191.431 s
power samples collected: 958 rows (across 1 GPU(s))
average total power draw: 375.36 W
estimated total GPU energy consumed: 71855.540 J
performance per watt: 20.33 GFLOP/s per W
